<area href="index.php?KnowledgeBaseID=MGEN243273&amp;WholeCellModelID=MetabolicMap_Reaction_001" alt="MetabolicMap_Reaction_001: pyruvate dehydrogenase" title="MetabolicMap_Reaction_001: pyruvate dehydrogenase" shape="rect" coords="257,335,283,343"/>
<area href="index.php?KnowledgeBaseID=MGEN243273&amp;WholeCellModelID=MetabolicMap_Reaction_002" alt="MetabolicMap_Reaction_002: acetate kinase" title="MetabolicMap_Reaction_002: acetate kinase" shape="rect" coords="359,382,385,391"/>
<area href="index.php?KnowledgeBaseID=MGEN243273&amp;WholeCellModelID=MetabolicMap_Reaction_003" alt="MetabolicMap_Reaction_003: acetate reversible transport via proton symport" title="MetabolicMap_Reaction_003: acetate reversible transport via proton symport" shape="rect" coords="358,436,383,444"/>
<area href="index.php?KnowledgeBaseID=MGEN243273&amp;WholeCellModelID=MetabolicMap_Reaction_004" alt="MetabolicMap_Reaction_004: adenylate kinase (ATP)" title="MetabolicMap_Reaction_004: adenylate kinase (ATP)" shape="rect" coords="577,47,602,56"/>
<area href="index.php?KnowledgeBaseID=MGEN243273&amp;WholeCellModelID=MetabolicMap_Reaction_005" alt="MetabolicMap_Reaction_005: adentylate kinase (GTP)" title="MetabolicMap_Reaction_005: adentylate kinase (GTP)" shape="rect" coords="577,57,602,66"/>
<area href="index.php?KnowledgeBaseID=MGEN243273&amp;WholeCellModelID=MetabolicMap_Reaction_006" alt="MetabolicMap_Reaction_006: adentylate kinase (ITP)" title="MetabolicMap_Reaction_006: adentylate kinase (ITP)" shape="rect" coords="577,67,602,75"/>
<area href="index.php?KnowledgeBaseID=MGEN243273&amp;WholeCellModelID=MetabolicMap_Reaction_007" alt="MetabolicMap_Reaction_007: deoxyadenylate kinase (dADP)" title="MetabolicMap_Reaction_007: deoxyadenylate kinase (dADP)" shape="rect" coords="583,2,608,11"/>
<area href="index.php?KnowledgeBaseID=MGEN243273&amp;WholeCellModelID=MetabolicMap_Reaction_008" alt="MetabolicMap_Reaction_008: adenine phosphoribosyltransferase" title="MetabolicMap_Reaction_008: adenine phosphoribosyltransferase" shape="rect" coords="503,62,528,71"/>
<area href="index.php?KnowledgeBaseID=MGEN243273&amp;WholeCellModelID=MetabolicMap_Reaction_009" alt="MetabolicMap_Reaction_009: Aspartate aminotransferase" title="MetabolicMap_Reaction_009: Aspartate aminotransferase" shape="rect" coords="366,309,392,318"/>
<area href="index.php?KnowledgeBaseID=MGEN243273&amp;WholeCellModelID=MetabolicMap_Reaction_010" alt="MetabolicMap_Reaction_010: Aspartate aminotransferase" title="MetabolicMap_Reaction_010: Aspartate aminotransferase" shape="rect" coords="366,309,392,318"/>
<area href="index.php?KnowledgeBaseID=MGEN243273&amp;WholeCellModelID=MetabolicMap_Reaction_011" alt="MetabolicMap_Reaction_011: ATP synthase (four protons for one ATP) (periplasm)" title="MetabolicMap_Reaction_011: ATP synthase (four protons for one ATP) (periplasm)" shape="rect" coords="274,192,300,201"/>
<area href="index.php?KnowledgeBaseID=MGEN243273&amp;WholeCellModelID=MetabolicMap_Reaction_012" alt="MetabolicMap_Reaction_012: cytidine deaminase" title="MetabolicMap_Reaction_012: cytidine deaminase" shape="rect" coords="769,281,795,290"/>
<area href="index.php?KnowledgeBaseID=MGEN243273&amp;WholeCellModelID=MetabolicMap_Reaction_013" alt="MetabolicMap_Reaction_013: deoxycytidine deaminase" title="MetabolicMap_Reaction_013: deoxycytidine deaminase" shape="rect" coords="665,285,690,293"/>
<area href="index.php?KnowledgeBaseID=MGEN243273&amp;WholeCellModelID=MetabolicMap_Reaction_014" alt="MetabolicMap_Reaction_014: cytidylate kinase (dCMP)" title="MetabolicMap_Reaction_014: cytidylate kinase (dCMP)" shape="rect" coords="545,257,571,265"/>
<area href="index.php?KnowledgeBaseID=MGEN243273&amp;WholeCellModelID=MetabolicMap_Reaction_015" alt="MetabolicMap_Reaction_015: cytidylate kinase (CMP)" title="MetabolicMap_Reaction_015: cytidylate kinase (CMP)" shape="rect" coords="587,232,612,241"/>
<area href="index.php?KnowledgeBaseID=MGEN243273&amp;WholeCellModelID=MetabolicMap_Reaction_016" alt="MetabolicMap_Reaction_016: UMP kinase" title="MetabolicMap_Reaction_016: UMP kinase" shape="rect" coords="587,445,612,454"/>
<area href="index.php?KnowledgeBaseID=MGEN243273&amp;WholeCellModelID=MetabolicMap_Reaction_017" alt="MetabolicMap_Reaction_017: deoxyadenylate kinase (dA:ATP)" title="MetabolicMap_Reaction_017: deoxyadenylate kinase (dA:ATP)" shape="rect" coords="531,11,556,19"/>
<area href="index.php?KnowledgeBaseID=MGEN243273&amp;WholeCellModelID=MetabolicMap_Reaction_018" alt="MetabolicMap_Reaction_018" title="MetabolicMap_Reaction_018" shape="rect" coords="561,298,587,307"/>
<area href="index.php?KnowledgeBaseID=MGEN243273&amp;WholeCellModelID=MetabolicMap_Reaction_019" alt="MetabolicMap_Reaction_019" title="MetabolicMap_Reaction_019" shape="rect" coords="499,295,525,303"/>
<area href="index.php?KnowledgeBaseID=MGEN243273&amp;WholeCellModelID=MetabolicMap_Reaction_020" alt="MetabolicMap_Reaction_020: 5'-nucleotidase (dCMP)" title="MetabolicMap_Reaction_020: 5'-nucleotidase (dCMP)" shape="rect" coords="616,257,642,265"/>
<area href="index.php?KnowledgeBaseID=MGEN243273&amp;WholeCellModelID=MetabolicMap_Reaction_021" alt="MetabolicMap_Reaction_021: deoxyribose-phosphate aldolase" title="MetabolicMap_Reaction_021: deoxyribose-phosphate aldolase" shape="rect" coords="196,145,222,153"/>
<area href="index.php?KnowledgeBaseID=MGEN243273&amp;WholeCellModelID=MetabolicMap_Reaction_022" alt="MetabolicMap_Reaction_022: purine-nucleoside phosphorylase (Deoxyinosine)" title="MetabolicMap_Reaction_022: purine-nucleoside phosphorylase (Deoxyinosine)" shape="rect" coords="469,91,494,100"/>
<area href="index.php?KnowledgeBaseID=MGEN243273&amp;WholeCellModelID=MetabolicMap_Reaction_023" alt="MetabolicMap_Reaction_023: purine-nucleoside phosphorylase (Deoxyadenosine)" title="MetabolicMap_Reaction_023: purine-nucleoside phosphorylase (Deoxyadenosine)" shape="rect" coords="469,15,494,23"/>
<area href="index.php?KnowledgeBaseID=MGEN243273&amp;WholeCellModelID=MetabolicMap_Reaction_024" alt="MetabolicMap_Reaction_024: purine-nucleoside phosphorylase (Deoxyguanosine)" title="MetabolicMap_Reaction_024: purine-nucleoside phosphorylase (Deoxyguanosine)" shape="rect" coords="469,168,494,177"/>
<area href="index.php?KnowledgeBaseID=MGEN243273&amp;WholeCellModelID=MetabolicMap_Reaction_025" alt="MetabolicMap_Reaction_025: purine-nucleoside phosphorylase (Inosine)" title="MetabolicMap_Reaction_025: purine-nucleoside phosphorylase (Inosine)" shape="rect" coords="469,126,494,134"/>
<area href="index.php?KnowledgeBaseID=MGEN243273&amp;WholeCellModelID=MetabolicMap_Reaction_026" alt="MetabolicMap_Reaction_026: purine-nucleoside phosphorylase (Adenosine)" title="MetabolicMap_Reaction_026: purine-nucleoside phosphorylase (Adenosine)" shape="rect" coords="469,49,494,57"/>
<area href="index.php?KnowledgeBaseID=MGEN243273&amp;WholeCellModelID=MetabolicMap_Reaction_027" alt="MetabolicMap_Reaction_027: purine-nucleoside phosphorylase (Guanosine)" title="MetabolicMap_Reaction_027: purine-nucleoside phosphorylase (Guanosine)" shape="rect" coords="469,199,494,207"/>
<area href="index.php?KnowledgeBaseID=MGEN243273&amp;WholeCellModelID=MetabolicMap_Reaction_028" alt="MetabolicMap_Reaction_028: deoxyguanylate kinase (dG:ATP)" title="MetabolicMap_Reaction_028: deoxyguanylate kinase (dG:ATP)" shape="rect" coords="531,168,556,177"/>
<area href="index.php?KnowledgeBaseID=MGEN243273&amp;WholeCellModelID=MetabolicMap_Reaction_029" alt="MetabolicMap_Reaction_029: enolase" title="MetabolicMap_Reaction_029: enolase" shape="rect" coords="130,263,156,272"/>
<area href="index.php?KnowledgeBaseID=MGEN243273&amp;WholeCellModelID=MetabolicMap_Reaction_030" alt="MetabolicMap_Reaction_030: fructose-bisphosphate aldolase" title="MetabolicMap_Reaction_030: fructose-bisphosphate aldolase" shape="rect" coords="145,128,171,136"/>
<area href="index.php?KnowledgeBaseID=MGEN243273&amp;WholeCellModelID=MetabolicMap_Reaction_031" alt="MetabolicMap_Reaction_031: fructose-bisphosphate aldolase" title="MetabolicMap_Reaction_031: fructose-bisphosphate aldolase" shape="rect" coords="145,128,171,136"/>
<area href="index.php?KnowledgeBaseID=MGEN243273&amp;WholeCellModelID=MetabolicMap_Reaction_032" alt="MetabolicMap_Reaction_032: fructose-1-phosphate kinase" title="MetabolicMap_Reaction_032: fructose-1-phosphate kinase" shape="rect" coords="62,78,88,87"/>
<area href="index.php?KnowledgeBaseID=MGEN243273&amp;WholeCellModelID=MetabolicMap_Reaction_033" alt="MetabolicMap_Reaction_033: D-fructose transport via PEP:Pyr PTS" title="MetabolicMap_Reaction_033: D-fructose transport via PEP:Pyr PTS" shape="rect" coords="22,36,48,44"/>
<area href="index.php?KnowledgeBaseID=MGEN243273&amp;WholeCellModelID=MetabolicMap_Reaction_034" alt="MetabolicMap_Reaction_034: UDPglucose 4-epimerase" title="MetabolicMap_Reaction_034: UDPglucose 4-epimerase" shape="rect" coords="305,11,330,19"/>
<area href="index.php?KnowledgeBaseID=MGEN243273&amp;WholeCellModelID=MetabolicMap_Reaction_035" alt="MetabolicMap_Reaction_035: UTP-glucose-1-phosphate uridylyltransferase (irreversible)" title="MetabolicMap_Reaction_035: UTP-glucose-1-phosphate uridylyltransferase (irreversible)" shape="rect" coords="229,11,254,19"/>
<area href="index.php?KnowledgeBaseID=MGEN243273&amp;WholeCellModelID=MetabolicMap_Reaction_036" alt="MetabolicMap_Reaction_036: glyceraldehyde-3-phosphate dehydrogenase" title="MetabolicMap_Reaction_036: glyceraldehyde-3-phosphate dehydrogenase" shape="rect" coords="130,170,156,179"/>
<area href="index.php?KnowledgeBaseID=MGEN243273&amp;WholeCellModelID=MetabolicMap_Reaction_037" alt="MetabolicMap_Reaction_037: D-glucose transport via PEP:Pyr PTS" title="MetabolicMap_Reaction_037: D-glucose transport via PEP:Pyr PTS" shape="rect" coords="98,8,123,16"/>
<area href="index.php?KnowledgeBaseID=MGEN243273&amp;WholeCellModelID=MetabolicMap_Reaction_038" alt="MetabolicMap_Reaction_038: D-glucose transport via PEP:Pyr PTS" title="MetabolicMap_Reaction_038: D-glucose transport via PEP:Pyr PTS" shape="rect" coords="102,302,128,311"/>
<area href="index.php?KnowledgeBaseID=MGEN243273&amp;WholeCellModelID=MetabolicMap_Reaction_039" alt="MetabolicMap_Reaction_039: FAD reductase" title="MetabolicMap_Reaction_039: FAD reductase" shape="rect" coords="353,11,379,19"/>
<area href="index.php?KnowledgeBaseID=MGEN243273&amp;WholeCellModelID=MetabolicMap_Reaction_040" alt="MetabolicMap_Reaction_040: glycerol kinase" title="MetabolicMap_Reaction_040: glycerol kinase" shape="rect" coords="64,231,89,240"/>
<area href="index.php?KnowledgeBaseID=MGEN243273&amp;WholeCellModelID=MetabolicMap_Reaction_041" alt="MetabolicMap_Reaction_041: Glycerophosphodiester phosphodiesterase (Glycerophosphocholine)" title="MetabolicMap_Reaction_041: Glycerophosphodiester phosphodiesterase (Glycerophosphocholine)" shape="rect" coords="2,257,28,265"/>
<area href="index.php?KnowledgeBaseID=MGEN243273&amp;WholeCellModelID=MetabolicMap_Reaction_042" alt="MetabolicMap_Reaction_042: Glycerophosphodiester phosphodiesterase (Glycerophosphoethanolamine)" title="MetabolicMap_Reaction_042: Glycerophosphodiester phosphodiesterase (Glycerophosphoethanolamine)" shape="rect" coords="2,274,28,282"/>
<area href="index.php?KnowledgeBaseID=MGEN243273&amp;WholeCellModelID=MetabolicMap_Reaction_043" alt="MetabolicMap_Reaction_043: Glycerophosphodiester phosphodiesterase (Glycerophosphoserine)" title="MetabolicMap_Reaction_043: Glycerophosphodiester phosphodiesterase (Glycerophosphoserine)" shape="rect" coords="2,291,28,299"/>
<area href="index.php?KnowledgeBaseID=MGEN243273&amp;WholeCellModelID=MetabolicMap_Reaction_044" alt="MetabolicMap_Reaction_044: Glycerophosphodiester phosphodiesterase (Glycerophosphoglycerol)" title="MetabolicMap_Reaction_044: Glycerophosphodiester phosphodiesterase (Glycerophosphoglycerol)" shape="rect" coords="2,308,28,316"/>
<area href="index.php?KnowledgeBaseID=MGEN243273&amp;WholeCellModelID=MetabolicMap_Reaction_045" alt="MetabolicMap_Reaction_045: Glycerophosphodiester phosphodiesterase (Glycerophosphoinositol)" title="MetabolicMap_Reaction_045: Glycerophosphodiester phosphodiesterase (Glycerophosphoinositol)" shape="rect" coords="2,325,28,333"/>
<area href="index.php?KnowledgeBaseID=MGEN243273&amp;WholeCellModelID=MetabolicMap_Reaction_046" alt="MetabolicMap_Reaction_046: glycerol transport via diffusion" title="MetabolicMap_Reaction_046: glycerol transport via diffusion" shape="rect" coords="2,222,28,230"/>
<area href="index.php?KnowledgeBaseID=MGEN243273&amp;WholeCellModelID=MetabolicMap_Reaction_047" alt="MetabolicMap_Reaction_047: guanylate kinase (GMP:ATP)" title="MetabolicMap_Reaction_047: guanylate kinase (GMP:ATP)" shape="rect" coords="587,203,612,212"/>
<area href="index.php?KnowledgeBaseID=MGEN243273&amp;WholeCellModelID=MetabolicMap_Reaction_048" alt="MetabolicMap_Reaction_048: deoxyguanylate kinase (dGMP:ATP)" title="MetabolicMap_Reaction_048: deoxyguanylate kinase (dGMP:ATP)" shape="rect" coords="583,157,608,165"/>
<area href="index.php?KnowledgeBaseID=MGEN243273&amp;WholeCellModelID=MetabolicMap_Reaction_049" alt="MetabolicMap_Reaction_049: phosphoglycerate mutase" title="MetabolicMap_Reaction_049: phosphoglycerate mutase" shape="rect" coords="178,232,203,241"/>
<area href="index.php?KnowledgeBaseID=MGEN243273&amp;WholeCellModelID=MetabolicMap_Reaction_050" alt="MetabolicMap_Reaction_050: glycerol-3-phosphate dehydrogenase (NAD)" title="MetabolicMap_Reaction_050: glycerol-3-phosphate dehydrogenase (NAD)" shape="rect" coords="57,170,83,179"/>
<area href="index.php?KnowledgeBaseID=MGEN243273&amp;WholeCellModelID=MetabolicMap_Reaction_051" alt="MetabolicMap_Reaction_051: hypoxanthine phosphoribosyltransferase (Hypoxanthine)" title="MetabolicMap_Reaction_051: hypoxanthine phosphoribosyltransferase (Hypoxanthine)" shape="rect" coords="500,139,526,147"/>
<area href="index.php?KnowledgeBaseID=MGEN243273&amp;WholeCellModelID=MetabolicMap_Reaction_052" alt="MetabolicMap_Reaction_052: guanine phosphoribosyltransferase" title="MetabolicMap_Reaction_052: guanine phosphoribosyltransferase" shape="rect" coords="498,213,523,222"/>
<area href="index.php?KnowledgeBaseID=MGEN243273&amp;WholeCellModelID=MetabolicMap_Reaction_053" alt="MetabolicMap_Reaction_053: D-lactate dehydrogenase" title="MetabolicMap_Reaction_053: D-lactate dehydrogenase" shape="rect" coords="172,353,197,361"/>
<area href="index.php?KnowledgeBaseID=MGEN243273&amp;WholeCellModelID=MetabolicMap_Reaction_054" alt="MetabolicMap_Reaction_054: malate dehydrogenase" title="MetabolicMap_Reaction_054: malate dehydrogenase" shape="rect" coords="353,260,378,269"/>
<area href="index.php?KnowledgeBaseID=MGEN243273&amp;WholeCellModelID=MetabolicMap_Reaction_055" alt="MetabolicMap_Reaction_055: NADH dehydrogenase" title="MetabolicMap_Reaction_055: NADH dehydrogenase" shape="rect" coords="274,235,300,243"/>
<area href="index.php?KnowledgeBaseID=MGEN243273&amp;WholeCellModelID=MetabolicMap_Reaction_060" alt="MetabolicMap_Reaction_060: oxaloacetate carboxylase" title="MetabolicMap_Reaction_060: oxaloacetate carboxylase" shape="rect" coords="279,317,304,325"/>
<area href="index.php?KnowledgeBaseID=MGEN243273&amp;WholeCellModelID=MetabolicMap_Reaction_061" alt="MetabolicMap_Reaction_061: deoxyuridine phosphorylase" title="MetabolicMap_Reaction_061: deoxyuridine phosphorylase" shape="rect" coords="674,342,700,351"/>
<area href="index.php?KnowledgeBaseID=MGEN243273&amp;WholeCellModelID=MetabolicMap_Reaction_062" alt="MetabolicMap_Reaction_062: deoxyuridine phosphorylase" title="MetabolicMap_Reaction_062: deoxyuridine phosphorylase" shape="rect" coords="674,362,700,370"/>
<area href="index.php?KnowledgeBaseID=MGEN243273&amp;WholeCellModelID=MetabolicMap_Reaction_063" alt="MetabolicMap_Reaction_063: thymidine phosphorylase" title="MetabolicMap_Reaction_063: thymidine phosphorylase" shape="rect" coords="674,410,700,419"/>
<area href="index.php?KnowledgeBaseID=MGEN243273&amp;WholeCellModelID=MetabolicMap_Reaction_064" alt="MetabolicMap_Reaction_064: thymidine phosphorylase" title="MetabolicMap_Reaction_064: thymidine phosphorylase" shape="rect" coords="674,390,700,398"/>
<area href="index.php?KnowledgeBaseID=MGEN243273&amp;WholeCellModelID=MetabolicMap_Reaction_065" alt="MetabolicMap_Reaction_065: phosphofructokinase" title="MetabolicMap_Reaction_065: phosphofructokinase" shape="rect" coords="141,86,167,95"/>
<area href="index.php?KnowledgeBaseID=MGEN243273&amp;WholeCellModelID=MetabolicMap_Reaction_066" alt="MetabolicMap_Reaction_066: phosphofructokinase" title="MetabolicMap_Reaction_066: phosphofructokinase" shape="rect" coords="141,95,167,104"/>
<area href="index.php?KnowledgeBaseID=MGEN243273&amp;WholeCellModelID=MetabolicMap_Reaction_067" alt="MetabolicMap_Reaction_067: phosphofructokinase" title="MetabolicMap_Reaction_067: phosphofructokinase" shape="rect" coords="141,104,167,112"/>
<area href="index.php?KnowledgeBaseID=MGEN243273&amp;WholeCellModelID=MetabolicMap_Reaction_068" alt="MetabolicMap_Reaction_068: phosphofructokinase" title="MetabolicMap_Reaction_068: phosphofructokinase" shape="rect" coords="141,113,167,122"/>
<area href="index.php?KnowledgeBaseID=MGEN243273&amp;WholeCellModelID=MetabolicMap_Reaction_069" alt="MetabolicMap_Reaction_069: glucose-6-phosphate isomerase" title="MetabolicMap_Reaction_069: glucose-6-phosphate isomerase" shape="rect" coords="104,59,129,67"/>
<area href="index.php?KnowledgeBaseID=MGEN243273&amp;WholeCellModelID=MetabolicMap_Reaction_070" alt="MetabolicMap_Reaction_070: phosphoglycerate kinase" title="MetabolicMap_Reaction_070: phosphoglycerate kinase" shape="rect" coords="177,191,202,200"/>
<area href="index.php?KnowledgeBaseID=MGEN243273&amp;WholeCellModelID=MetabolicMap_Reaction_071" alt="MetabolicMap_Reaction_071: phosphoglycerate kinase" title="MetabolicMap_Reaction_071: phosphoglycerate kinase" shape="rect" coords="177,201,202,209"/>
<area href="index.php?KnowledgeBaseID=MGEN243273&amp;WholeCellModelID=MetabolicMap_Reaction_072" alt="MetabolicMap_Reaction_072: phosphoglycerate kinase" title="MetabolicMap_Reaction_072: phosphoglycerate kinase" shape="rect" coords="177,210,202,218"/>
<area href="index.php?KnowledgeBaseID=MGEN243273&amp;WholeCellModelID=MetabolicMap_Reaction_073" alt="MetabolicMap_Reaction_073: phosphoglycerate kinase" title="MetabolicMap_Reaction_073: phosphoglycerate kinase" shape="rect" coords="177,219,202,228"/>
<area href="index.php?KnowledgeBaseID=MGEN243273&amp;WholeCellModelID=MetabolicMap_Reaction_074" alt="MetabolicMap_Reaction_074: phosphoglucomutase" title="MetabolicMap_Reaction_074: phosphoglucomutase" shape="rect" coords="162,28,188,37"/>
<area href="index.php?KnowledgeBaseID=MGEN243273&amp;WholeCellModelID=MetabolicMap_Reaction_075" alt="MetabolicMap_Reaction_075: phosphate transport via ABC system" title="MetabolicMap_Reaction_075: phosphate transport via ABC system" shape="rect" coords="352,172,377,180"/>
<area href="index.php?KnowledgeBaseID=MGEN243273&amp;WholeCellModelID=MetabolicMap_Reaction_076" alt="MetabolicMap_Reaction_076: inorganic diphosphatase" title="MetabolicMap_Reaction_076: inorganic diphosphatase" shape="rect" coords="274,172,300,180"/>
<area href="index.php?KnowledgeBaseID=MGEN243273&amp;WholeCellModelID=MetabolicMap_Reaction_077" alt="MetabolicMap_Reaction_077: phosphoenolpyruvate carboxylase" title="MetabolicMap_Reaction_077: phosphoenolpyruvate carboxylase" shape="rect" coords="261,278,286,286"/>
<area href="index.php?KnowledgeBaseID=MGEN243273&amp;WholeCellModelID=MetabolicMap_Reaction_078" alt="MetabolicMap_Reaction_078: phosphoribosylpyrophosphate synthetase" title="MetabolicMap_Reaction_078: phosphoribosylpyrophosphate synthetase" shape="rect" coords="290,126,315,134"/>
<area href="index.php?KnowledgeBaseID=MGEN243273&amp;WholeCellModelID=MetabolicMap_Reaction_079" alt="MetabolicMap_Reaction_079: phosphotransacetylase" title="MetabolicMap_Reaction_079: phosphotransacetylase" shape="rect" coords="330,333,356,342"/>
<area href="index.php?KnowledgeBaseID=MGEN243273&amp;WholeCellModelID=MetabolicMap_Reaction_080" alt="MetabolicMap_Reaction_080: pyruvate kinase" title="MetabolicMap_Reaction_080: pyruvate kinase" shape="rect" coords="182,280,207,288"/>
<area href="index.php?KnowledgeBaseID=MGEN243273&amp;WholeCellModelID=MetabolicMap_Reaction_081" alt="MetabolicMap_Reaction_081: pyruvate kinase" title="MetabolicMap_Reaction_081: pyruvate kinase" shape="rect" coords="182,289,207,297"/>
<area href="index.php?KnowledgeBaseID=MGEN243273&amp;WholeCellModelID=MetabolicMap_Reaction_082" alt="MetabolicMap_Reaction_082: pyruvate kinase" title="MetabolicMap_Reaction_082: pyruvate kinase" shape="rect" coords="182,298,207,307"/>
<area href="index.php?KnowledgeBaseID=MGEN243273&amp;WholeCellModelID=MetabolicMap_Reaction_083" alt="MetabolicMap_Reaction_083: pyruvate kinase" title="MetabolicMap_Reaction_083: pyruvate kinase" shape="rect" coords="182,308,207,317"/>
<area href="index.php?KnowledgeBaseID=MGEN243273&amp;WholeCellModelID=MetabolicMap_Reaction_084" alt="MetabolicMap_Reaction_084: pyruvate kinase" title="MetabolicMap_Reaction_084: pyruvate kinase" shape="rect" coords="182,318,207,326"/>
<area href="index.php?KnowledgeBaseID=MGEN243273&amp;WholeCellModelID=MetabolicMap_Reaction_085" alt="MetabolicMap_Reaction_085: pyruvate kinase" title="MetabolicMap_Reaction_085: pyruvate kinase" shape="rect" coords="182,328,207,336"/>
<area href="index.php?KnowledgeBaseID=MGEN243273&amp;WholeCellModelID=MetabolicMap_Reaction_086" alt="MetabolicMap_Reaction_086: pyruvate kinase" title="MetabolicMap_Reaction_086: pyruvate kinase" shape="rect" coords="182,337,207,346"/>
<area href="index.php?KnowledgeBaseID=MGEN243273&amp;WholeCellModelID=MetabolicMap_Reaction_087" alt="MetabolicMap_Reaction_087: pyruvate kinase" title="MetabolicMap_Reaction_087: pyruvate kinase" shape="rect" coords="503,385,528,393"/>
<area href="index.php?KnowledgeBaseID=MGEN243273&amp;WholeCellModelID=MetabolicMap_Reaction_088" alt="MetabolicMap_Reaction_088: ribulose 5-phosphate 3-epimerase" title="MetabolicMap_Reaction_088: ribulose 5-phosphate 3-epimerase" shape="rect" coords="290,84,315,92"/>
<area href="index.php?KnowledgeBaseID=MGEN243273&amp;WholeCellModelID=MetabolicMap_Reaction_089" alt="MetabolicMap_Reaction_089: ribose-5-phosphate isomerase" title="MetabolicMap_Reaction_089: ribose-5-phosphate isomerase" shape="rect" coords="290,106,315,115"/>
<area href="index.php?KnowledgeBaseID=MGEN243273&amp;WholeCellModelID=MetabolicMap_Reaction_090" alt="MetabolicMap_Reaction_090: transaldolase" title="MetabolicMap_Reaction_090: transaldolase" shape="rect" coords="341,143,366,151"/>
<area href="index.php?KnowledgeBaseID=MGEN243273&amp;WholeCellModelID=MetabolicMap_Reaction_091" alt="MetabolicMap_Reaction_091: transaldolase" title="MetabolicMap_Reaction_091: transaldolase" shape="rect" coords="341,143,366,151"/>
<area href="index.php?KnowledgeBaseID=MGEN243273&amp;WholeCellModelID=MetabolicMap_Reaction_092" alt="MetabolicMap_Reaction_092: deoxyuridine kinase (ATP:Deoxyuridine)" title="MetabolicMap_Reaction_092: deoxyuridine kinase (ATP:Deoxyuridine)" shape="rect" coords="616,342,642,351"/>
<area href="index.php?KnowledgeBaseID=MGEN243273&amp;WholeCellModelID=MetabolicMap_Reaction_093" alt="MetabolicMap_Reaction_093: thymidine kinase (ATP:thymidine)" title="MetabolicMap_Reaction_093: thymidine kinase (ATP:thymidine)" shape="rect" coords="616,381,642,390"/>
<area href="index.php?KnowledgeBaseID=MGEN243273&amp;WholeCellModelID=MetabolicMap_Reaction_094" alt="MetabolicMap_Reaction_094: thymidylate synthase" title="MetabolicMap_Reaction_094: thymidylate synthase" shape="rect" coords="569,368,594,376"/>
<area href="index.php?KnowledgeBaseID=MGEN243273&amp;WholeCellModelID=MetabolicMap_Reaction_095" alt="MetabolicMap_Reaction_095: transketolase" title="MetabolicMap_Reaction_095: transketolase" shape="rect" coords="243,106,269,115"/>
<area href="index.php?KnowledgeBaseID=MGEN243273&amp;WholeCellModelID=MetabolicMap_Reaction_096" alt="MetabolicMap_Reaction_096: transketolase" title="MetabolicMap_Reaction_096: transketolase" shape="rect" coords="243,106,269,115"/>
<area href="index.php?KnowledgeBaseID=MGEN243273&amp;WholeCellModelID=MetabolicMap_Reaction_097" alt="MetabolicMap_Reaction_097: transketolase" title="MetabolicMap_Reaction_097: transketolase" shape="rect" coords="243,45,269,54"/>
<area href="index.php?KnowledgeBaseID=MGEN243273&amp;WholeCellModelID=MetabolicMap_Reaction_098" alt="MetabolicMap_Reaction_098: transketolase" title="MetabolicMap_Reaction_098: transketolase" shape="rect" coords="243,45,269,54"/>
<area href="index.php?KnowledgeBaseID=MGEN243273&amp;WholeCellModelID=MetabolicMap_Reaction_099" alt="MetabolicMap_Reaction_099: thiamine kinase" title="MetabolicMap_Reaction_099: thiamine kinase" shape="rect" coords="560,403,585,412"/>
<area href="index.php?KnowledgeBaseID=MGEN243273&amp;WholeCellModelID=MetabolicMap_Reaction_100" alt="MetabolicMap_Reaction_100: triose-phosphate isomerase" title="MetabolicMap_Reaction_100: triose-phosphate isomerase" shape="rect" coords="111,160,136,168"/>
<area href="index.php?KnowledgeBaseID=MGEN243273&amp;WholeCellModelID=MetabolicMap_Reaction_101" alt="MetabolicMap_Reaction_101: thioredoxin reductase (NADPH)" title="MetabolicMap_Reaction_101: thioredoxin reductase (NADPH)" shape="rect" coords="274,213,300,222"/>
<area href="index.php?KnowledgeBaseID=MGEN243273&amp;WholeCellModelID=MetabolicMap_Reaction_102" alt="MetabolicMap_Reaction_102: uridine kinase (GTP:Uridine)" title="MetabolicMap_Reaction_102: uridine kinase (GTP:Uridine)" shape="rect" coords="770,323,796,331"/>
<area href="index.php?KnowledgeBaseID=MGEN243273&amp;WholeCellModelID=MetabolicMap_Reaction_103" alt="MetabolicMap_Reaction_103: cytidine kinase (GTP)" title="MetabolicMap_Reaction_103: cytidine kinase (GTP)" shape="rect" coords="740,254,765,263"/>
<area href="index.php?KnowledgeBaseID=MGEN243273&amp;WholeCellModelID=MetabolicMap_Reaction_104" alt="MetabolicMap_Reaction_104: pyrimidine-nucleoside phosphorylase (uracil)" title="MetabolicMap_Reaction_104: pyrimidine-nucleoside phosphorylase (uracil)" shape="rect" coords="709,318,734,326"/>
<area href="index.php?KnowledgeBaseID=MGEN243273&amp;WholeCellModelID=MetabolicMap_Reaction_105" alt="MetabolicMap_Reaction_105: uracil phosphoribosyltransferase" title="MetabolicMap_Reaction_105: uracil phosphoribosyltransferase" shape="rect" coords="725,335,751,343"/>
<area href="index.php?KnowledgeBaseID=MGEN243273&amp;WholeCellModelID=MetabolicMap_Reaction_106" alt="MetabolicMap_Reaction_106: 5'-nucleotidase (dUMP)" title="MetabolicMap_Reaction_106: 5'-nucleotidase (dUMP)" shape="rect" coords="617,367,643,375"/>
<area href="index.php?KnowledgeBaseID=MGEN243273&amp;WholeCellModelID=MetabolicMap_Reaction_107" alt="MetabolicMap_Reaction_107: 5'-nucleotidase (dTMP)" title="MetabolicMap_Reaction_107: 5'-nucleotidase (dTMP)" shape="rect" coords="616,410,642,419"/>
<area href="index.php?KnowledgeBaseID=MGEN243273&amp;WholeCellModelID=MetabolicMap_Reaction_108" alt="MetabolicMap_Reaction_108: 5'-nucleotidase (dCMP)" title="MetabolicMap_Reaction_108: 5'-nucleotidase (dCMP)" shape="rect" coords="616,285,642,294"/>
<area href="index.php?KnowledgeBaseID=MGEN243273&amp;WholeCellModelID=MetabolicMap_Reaction_109" alt="MetabolicMap_Reaction_109: 5'-nucleotidase (AMP)" title="MetabolicMap_Reaction_109: 5'-nucleotidase (AMP)" shape="rect" coords="531,48,556,56"/>
<area href="index.php?KnowledgeBaseID=MGEN243273&amp;WholeCellModelID=MetabolicMap_Reaction_110" alt="MetabolicMap_Reaction_110: 5'-nucleotidase (GMP)" title="MetabolicMap_Reaction_110: 5'-nucleotidase (GMP)" shape="rect" coords="531,201,556,209"/>
<area href="index.php?KnowledgeBaseID=MGEN243273&amp;WholeCellModelID=MetabolicMap_Reaction_111" alt="MetabolicMap_Reaction_111: 5'-nucleotidase (IMP)" title="MetabolicMap_Reaction_111: 5'-nucleotidase (IMP)" shape="rect" coords="531,108,556,117"/>
<area href="index.php?KnowledgeBaseID=MGEN243273&amp;WholeCellModelID=MetabolicMap_Reaction_112" alt="MetabolicMap_Reaction_112: adenine deaminase" title="MetabolicMap_Reaction_112: adenine deaminase" shape="rect" coords="424,60,449,68"/>
<area href="index.php?KnowledgeBaseID=MGEN243273&amp;WholeCellModelID=MetabolicMap_Metabolite_001" alt="MetabolicMap_Metabolite_001: acetate" title="MetabolicMap_Metabolite_001: acetate" shape="circle" coords="360,424,4"/>
<area href="index.php?KnowledgeBaseID=MGEN243273&amp;WholeCellModelID=MetabolicMap_Metabolite_002" alt="MetabolicMap_Metabolite_002: acetate" title="MetabolicMap_Metabolite_002: acetate" shape="circle" coords="360,466,4"/>
<area href="index.php?KnowledgeBaseID=MGEN243273&amp;WholeCellModelID=MetabolicMap_Metabolite_003" alt="MetabolicMap_Metabolite_003: Acetyl-CoA" title="MetabolicMap_Metabolite_003: Acetyl-CoA" shape="circle" coords="322,347,4"/>
<area href="index.php?KnowledgeBaseID=MGEN243273&amp;WholeCellModelID=MetabolicMap_Metabolite_004" alt="MetabolicMap_Metabolite_004: Acetyl phosphate" title="MetabolicMap_Metabolite_004: Acetyl phosphate" shape="circle" coords="360,381,4"/>
<area href="index.php?KnowledgeBaseID=MGEN243273&amp;WholeCellModelID=MetabolicMap_Metabolite_005" alt="MetabolicMap_Metabolite_005: adenine" title="MetabolicMap_Metabolite_005: adenine" shape="circle" coords="458,55,4"/>
<area href="index.php?KnowledgeBaseID=MGEN243273&amp;WholeCellModelID=MetabolicMap_Metabolite_006" alt="MetabolicMap_Metabolite_006: adenosine" title="MetabolicMap_Metabolite_006: adenosine" shape="circle" coords="521,55,4"/>
<area href="index.php?KnowledgeBaseID=MGEN243273&amp;WholeCellModelID=MetabolicMap_Metabolite_007" alt="MetabolicMap_Metabolite_007: ADP" title="MetabolicMap_Metabolite_007: ADP" shape="circle" coords="644,55,4"/>
<area href="index.php?KnowledgeBaseID=MGEN243273&amp;WholeCellModelID=MetabolicMap_Metabolite_008" alt="MetabolicMap_Metabolite_008: ADP" title="MetabolicMap_Metabolite_008: ADP" shape="circle" coords="271,216,4"/>
<area href="index.php?KnowledgeBaseID=MGEN243273&amp;WholeCellModelID=MetabolicMap_Metabolite_009" alt="MetabolicMap_Metabolite_009: 2-Oxoglutarate" title="MetabolicMap_Metabolite_009: 2-Oxoglutarate" shape="circle" coords="420,326,4"/>
<area href="index.php?KnowledgeBaseID=MGEN243273&amp;WholeCellModelID=MetabolicMap_Metabolite_010" alt="MetabolicMap_Metabolite_010: AMP" title="MetabolicMap_Metabolite_010: AMP" shape="circle" coords="585,55,4"/>
<area href="index.php?KnowledgeBaseID=MGEN243273&amp;WholeCellModelID=MetabolicMap_Metabolite_011" alt="MetabolicMap_Metabolite_011: L-Aspartate" title="MetabolicMap_Metabolite_011: L-Aspartate" shape="circle" coords="420,309,4"/>
<area href="index.php?KnowledgeBaseID=MGEN243273&amp;WholeCellModelID=MetabolicMap_Metabolite_012" alt="MetabolicMap_Metabolite_012: ATP" title="MetabolicMap_Metabolite_012: ATP" shape="circle" coords="335,216,4"/>
<area href="index.php?KnowledgeBaseID=MGEN243273&amp;WholeCellModelID=MetabolicMap_Metabolite_013" alt="MetabolicMap_Metabolite_013: CDP" title="MetabolicMap_Metabolite_013: CDP" shape="circle" coords="458,288,4"/>
<area href="index.php?KnowledgeBaseID=MGEN243273&amp;WholeCellModelID=MetabolicMap_Metabolite_014" alt="MetabolicMap_Metabolite_014: choline" title="MetabolicMap_Metabolite_014: choline" shape="circle" coords="59,271,4"/>
<area href="index.php?KnowledgeBaseID=MGEN243273&amp;WholeCellModelID=MetabolicMap_Metabolite_015" alt="MetabolicMap_Metabolite_015: CMP" title="MetabolicMap_Metabolite_015: CMP" shape="circle" coords="734,288,4"/>
<area href="index.php?KnowledgeBaseID=MGEN243273&amp;WholeCellModelID=MetabolicMap_Metabolite_016" alt="MetabolicMap_Metabolite_016: cytidine" title="MetabolicMap_Metabolite_016: cytidine" shape="circle" coords="776,288,4"/>
<area href="index.php?KnowledgeBaseID=MGEN243273&amp;WholeCellModelID=MetabolicMap_Metabolite_017" alt="MetabolicMap_Metabolite_017: deoxyadenosine" title="MetabolicMap_Metabolite_017: deoxyadenosine" shape="circle" coords="521,42,4"/>
<area href="index.php?KnowledgeBaseID=MGEN243273&amp;WholeCellModelID=MetabolicMap_Metabolite_018" alt="MetabolicMap_Metabolite_018: dADP" title="MetabolicMap_Metabolite_018: dADP" shape="circle" coords="644,25,4"/>
<area href="index.php?KnowledgeBaseID=MGEN243273&amp;WholeCellModelID=MetabolicMap_Metabolite_019" alt="MetabolicMap_Metabolite_019: dAMP" title="MetabolicMap_Metabolite_019: dAMP" shape="circle" coords="585,42,4"/>
<area href="index.php?KnowledgeBaseID=MGEN243273&amp;WholeCellModelID=MetabolicMap_Metabolite_020" alt="MetabolicMap_Metabolite_020: deoxycytidine" title="MetabolicMap_Metabolite_020: deoxycytidine" shape="circle" coords="670,288,4"/>
<area href="index.php?KnowledgeBaseID=MGEN243273&amp;WholeCellModelID=MetabolicMap_Metabolite_021" alt="MetabolicMap_Metabolite_021: dCDP" title="MetabolicMap_Metabolite_021: dCDP" shape="circle" coords="521,288,4"/>
<area href="index.php?KnowledgeBaseID=MGEN243273&amp;WholeCellModelID=MetabolicMap_Metabolite_022" alt="MetabolicMap_Metabolite_022: dCMP" title="MetabolicMap_Metabolite_022: dCMP" shape="circle" coords="606,288,4"/>
<area href="index.php?KnowledgeBaseID=MGEN243273&amp;WholeCellModelID=MetabolicMap_Metabolite_023" alt="MetabolicMap_Metabolite_023: dCTP" title="MetabolicMap_Metabolite_023: dCTP" shape="circle" coords="564,330,4"/>
<area href="index.php?KnowledgeBaseID=MGEN243273&amp;WholeCellModelID=MetabolicMap_Metabolite_024" alt="MetabolicMap_Metabolite_024: deoxyguanosine" title="MetabolicMap_Metabolite_024: deoxyguanosine" shape="circle" coords="521,199,4"/>
<area href="index.php?KnowledgeBaseID=MGEN243273&amp;WholeCellModelID=MetabolicMap_Metabolite_025" alt="MetabolicMap_Metabolite_025: dGDP" title="MetabolicMap_Metabolite_025: dGDP" shape="circle" coords="644,178,4"/>
<area href="index.php?KnowledgeBaseID=MGEN243273&amp;WholeCellModelID=MetabolicMap_Metabolite_026" alt="MetabolicMap_Metabolite_026: dGMP" title="MetabolicMap_Metabolite_026: dGMP" shape="circle" coords="585,199,4"/>
<area href="index.php?KnowledgeBaseID=MGEN243273&amp;WholeCellModelID=MetabolicMap_Metabolite_028" alt="MetabolicMap_Metabolite_028: 3-Phospho-D-glyceroyl phosphate" title="MetabolicMap_Metabolite_028: 3-Phospho-D-glyceroyl phosphate" shape="circle" coords="173,207,4"/>
<area href="index.php?KnowledgeBaseID=MGEN243273&amp;WholeCellModelID=MetabolicMap_Metabolite_029" alt="MetabolicMap_Metabolite_029: 2-Deoxy-D-ribose 1-phosphate" title="MetabolicMap_Metabolite_029: 2-Deoxy-D-ribose 1-phosphate" shape="circle" coords="734,394,4"/>
<area href="index.php?KnowledgeBaseID=MGEN243273&amp;WholeCellModelID=MetabolicMap_Metabolite_030" alt="MetabolicMap_Metabolite_030: 2-Deoxy-D-ribose 5-phosphate" title="MetabolicMap_Metabolite_030: 2-Deoxy-D-ribose 5-phosphate" shape="circle" coords="254,173,4"/>
<area href="index.php?KnowledgeBaseID=MGEN243273&amp;WholeCellModelID=MetabolicMap_Metabolite_031" alt="MetabolicMap_Metabolite_031: thymidine" title="MetabolicMap_Metabolite_031: thymidine" shape="circle" coords="670,415,4"/>
<area href="index.php?KnowledgeBaseID=MGEN243273&amp;WholeCellModelID=MetabolicMap_Metabolite_032" alt="MetabolicMap_Metabolite_032: dTDP" title="MetabolicMap_Metabolite_032: dTDP" shape="circle" coords="543,415,4"/>
<area href="index.php?KnowledgeBaseID=MGEN243273&amp;WholeCellModelID=MetabolicMap_Metabolite_033" alt="MetabolicMap_Metabolite_033: dTMP" title="MetabolicMap_Metabolite_033: dTMP" shape="circle" coords="606,415,4"/>
<area href="index.php?KnowledgeBaseID=MGEN243273&amp;WholeCellModelID=MetabolicMap_Metabolite_034" alt="MetabolicMap_Metabolite_034: dTTP" title="MetabolicMap_Metabolite_034: dTTP" shape="circle" coords="492,415,4"/>
<area href="index.php?KnowledgeBaseID=MGEN243273&amp;WholeCellModelID=MetabolicMap_Metabolite_035" alt="MetabolicMap_Metabolite_035: deoxyuridine" title="MetabolicMap_Metabolite_035: deoxyuridine" shape="circle" coords="670,373,4"/>
<area href="index.php?KnowledgeBaseID=MGEN243273&amp;WholeCellModelID=MetabolicMap_Metabolite_036" alt="MetabolicMap_Metabolite_036: dUDP" title="MetabolicMap_Metabolite_036: dUDP" shape="circle" coords="521,373,4"/>
<area href="index.php?KnowledgeBaseID=MGEN243273&amp;WholeCellModelID=MetabolicMap_Metabolite_037" alt="MetabolicMap_Metabolite_037: dUMP" title="MetabolicMap_Metabolite_037: dUMP" shape="circle" coords="606,373,4"/>
<area href="index.php?KnowledgeBaseID=MGEN243273&amp;WholeCellModelID=MetabolicMap_Metabolite_038" alt="MetabolicMap_Metabolite_038: dUTP" title="MetabolicMap_Metabolite_038: dUTP" shape="circle" coords="564,373,4"/>
<area href="index.php?KnowledgeBaseID=MGEN243273&amp;WholeCellModelID=MetabolicMap_Metabolite_039" alt="MetabolicMap_Metabolite_039: D-Erythrose 4-phosphate" title="MetabolicMap_Metabolite_039: D-Erythrose 4-phosphate" shape="circle" coords="288,59,4"/>
<area href="index.php?KnowledgeBaseID=MGEN243273&amp;WholeCellModelID=MetabolicMap_Metabolite_040" alt="MetabolicMap_Metabolite_040: ethanolamine" title="MetabolicMap_Metabolite_040: ethanolamine" shape="circle" coords="59,288,4"/>
<area href="index.php?KnowledgeBaseID=MGEN243273&amp;WholeCellModelID=MetabolicMap_Metabolite_041" alt="MetabolicMap_Metabolite_041: D-Fructose 1-phosphate" title="MetabolicMap_Metabolite_041: D-Fructose 1-phosphate" shape="circle" coords="80,67,4"/>
<area href="index.php?KnowledgeBaseID=MGEN243273&amp;WholeCellModelID=MetabolicMap_Metabolite_042" alt="MetabolicMap_Metabolite_042: D-Fructose 6-phosphate" title="MetabolicMap_Metabolite_042: D-Fructose 6-phosphate" shape="circle" coords="140,106,4"/>
<area href="index.php?KnowledgeBaseID=MGEN243273&amp;WholeCellModelID=MetabolicMap_Metabolite_043" alt="MetabolicMap_Metabolite_043: D-Fructose 6-phosphate" title="MetabolicMap_Metabolite_043: D-Fructose 6-phosphate" shape="circle" coords="237,59,4"/>
<area href="index.php?KnowledgeBaseID=MGEN243273&amp;WholeCellModelID=MetabolicMap_Metabolite_044" alt="MetabolicMap_Metabolite_044: D-Fructose 1,6-bisphosphate" title="MetabolicMap_Metabolite_044: D-Fructose 1,6-bisphosphate" shape="circle" coords="140,144,4"/>
<area href="index.php?KnowledgeBaseID=MGEN243273&amp;WholeCellModelID=MetabolicMap_Metabolite_045" alt="MetabolicMap_Metabolite_045: D-Fructose" title="MetabolicMap_Metabolite_045: D-Fructose" shape="circle" coords="21,67,4"/>
<area href="index.php?KnowledgeBaseID=MGEN243273&amp;WholeCellModelID=MetabolicMap_Metabolite_046" alt="MetabolicMap_Metabolite_046: D-Glucose 1-phosphate" title="MetabolicMap_Metabolite_046: D-Glucose 1-phosphate" shape="circle" coords="224,42,4"/>
<area href="index.php?KnowledgeBaseID=MGEN243273&amp;WholeCellModelID=MetabolicMap_Metabolite_047" alt="MetabolicMap_Metabolite_047: D-Glycerate 2-phosphate" title="MetabolicMap_Metabolite_047: D-Glycerate 2-phosphate" shape="circle" coords="173,275,4"/>
<area href="index.php?KnowledgeBaseID=MGEN243273&amp;WholeCellModelID=MetabolicMap_Metabolite_048" alt="MetabolicMap_Metabolite_048: 3-Phospho-D-glycerate" title="MetabolicMap_Metabolite_048: 3-Phospho-D-glycerate" shape="circle" coords="173,241,4"/>
<area href="index.php?KnowledgeBaseID=MGEN243273&amp;WholeCellModelID=MetabolicMap_Metabolite_049" alt="MetabolicMap_Metabolite_049: D-Glucose 6-phosphate" title="MetabolicMap_Metabolite_049: D-Glucose 6-phosphate" shape="circle" coords="140,67,4"/>
<area href="index.php?KnowledgeBaseID=MGEN243273&amp;WholeCellModelID=MetabolicMap_Metabolite_050" alt="MetabolicMap_Metabolite_050: D-Glucose 6-phosphate" title="MetabolicMap_Metabolite_050: D-Glucose 6-phosphate" shape="circle" coords="140,67,4"/>
<area href="index.php?KnowledgeBaseID=MGEN243273&amp;WholeCellModelID=MetabolicMap_Metabolite_051" alt="MetabolicMap_Metabolite_051: GDP" title="MetabolicMap_Metabolite_051: GDP" shape="circle" coords="644,207,4"/>
<area href="index.php?KnowledgeBaseID=MGEN243273&amp;WholeCellModelID=MetabolicMap_Metabolite_052" alt="MetabolicMap_Metabolite_052: glycerol" title="MetabolicMap_Metabolite_052: glycerol" shape="circle" coords="59,246,4"/>
<area href="index.php?KnowledgeBaseID=MGEN243273&amp;WholeCellModelID=MetabolicMap_Metabolite_053" alt="MetabolicMap_Metabolite_053: glycerol" title="MetabolicMap_Metabolite_053: glycerol" shape="circle" coords="0,246,4"/>
<area href="index.php?KnowledgeBaseID=MGEN243273&amp;WholeCellModelID=MetabolicMap_Metabolite_054" alt="MetabolicMap_Metabolite_054: glycerol" title="MetabolicMap_Metabolite_054: glycerol" shape="circle" coords="59,322,4"/>
<area href="index.php?KnowledgeBaseID=MGEN243273&amp;WholeCellModelID=MetabolicMap_Metabolite_055" alt="MetabolicMap_Metabolite_055: Glycerol 3-phosphate" title="MetabolicMap_Metabolite_055: Glycerol 3-phosphate" shape="circle" coords="97,220,4"/>
<area href="index.php?KnowledgeBaseID=MGEN243273&amp;WholeCellModelID=MetabolicMap_Metabolite_056" alt="MetabolicMap_Metabolite_056: D-Glucose" title="MetabolicMap_Metabolite_056: D-Glucose" shape="circle" coords="140,8,4"/>
<area href="index.php?KnowledgeBaseID=MGEN243273&amp;WholeCellModelID=MetabolicMap_Metabolite_057" alt="MetabolicMap_Metabolite_057: L-Glutamate" title="MetabolicMap_Metabolite_057: L-Glutamate" shape="circle" coords="356,326,4"/>
<area href="index.php?KnowledgeBaseID=MGEN243273&amp;WholeCellModelID=MetabolicMap_Metabolite_058" alt="MetabolicMap_Metabolite_058: GMP" title="MetabolicMap_Metabolite_058: GMP" shape="circle" coords="585,207,4"/>
<area href="index.php?KnowledgeBaseID=MGEN243273&amp;WholeCellModelID=MetabolicMap_Metabolite_059" alt="MetabolicMap_Metabolite_059: guanine" title="MetabolicMap_Metabolite_059: guanine" shape="circle" coords="458,203,4"/>
<area href="index.php?KnowledgeBaseID=MGEN243273&amp;WholeCellModelID=MetabolicMap_Metabolite_060" alt="MetabolicMap_Metabolite_060: sn-Glycero-3-phosphocholine" title="MetabolicMap_Metabolite_060: sn-Glycero-3-phosphocholine" shape="circle" coords="0,271,4"/>
<area href="index.php?KnowledgeBaseID=MGEN243273&amp;WholeCellModelID=MetabolicMap_Metabolite_061" alt="MetabolicMap_Metabolite_061: sn-Glycero-3-phosphoethanolamine" title="MetabolicMap_Metabolite_061: sn-Glycero-3-phosphoethanolamine" shape="circle" coords="0,288,4"/>
<area href="index.php?KnowledgeBaseID=MGEN243273&amp;WholeCellModelID=MetabolicMap_Metabolite_062" alt="MetabolicMap_Metabolite_062: Glycerophosphoglycerol" title="MetabolicMap_Metabolite_062: Glycerophosphoglycerol" shape="circle" coords="0,322,4"/>
<area href="index.php?KnowledgeBaseID=MGEN243273&amp;WholeCellModelID=MetabolicMap_Metabolite_063" alt="MetabolicMap_Metabolite_063: sn-Glycero-3-phospho-1-inositol" title="MetabolicMap_Metabolite_063: sn-Glycero-3-phospho-1-inositol" shape="circle" coords="0,339,4"/>
<area href="index.php?KnowledgeBaseID=MGEN243273&amp;WholeCellModelID=MetabolicMap_Metabolite_064" alt="MetabolicMap_Metabolite_064: Glycerophosphoserine" title="MetabolicMap_Metabolite_064: Glycerophosphoserine" shape="circle" coords="0,305,4"/>
<area href="index.php?KnowledgeBaseID=MGEN243273&amp;WholeCellModelID=MetabolicMap_Metabolite_065" alt="MetabolicMap_Metabolite_065: guanosine" title="MetabolicMap_Metabolite_065: guanosine" shape="circle" coords="521,207,4"/>
<area href="index.php?KnowledgeBaseID=MGEN243273&amp;WholeCellModelID=MetabolicMap_Metabolite_066" alt="MetabolicMap_Metabolite_066: hypoxanthine" title="MetabolicMap_Metabolite_066: hypoxanthine" shape="circle" coords="458,131,4"/>
<area href="index.php?KnowledgeBaseID=MGEN243273&amp;WholeCellModelID=MetabolicMap_Metabolite_067" alt="MetabolicMap_Metabolite_067: IMP" title="MetabolicMap_Metabolite_067: IMP" shape="circle" coords="585,131,4"/>
<area href="index.php?KnowledgeBaseID=MGEN243273&amp;WholeCellModelID=MetabolicMap_Metabolite_068" alt="MetabolicMap_Metabolite_068: myo-inositol" title="MetabolicMap_Metabolite_068: myo-inositol" shape="circle" coords="59,339,4"/>
<area href="index.php?KnowledgeBaseID=MGEN243273&amp;WholeCellModelID=MetabolicMap_Metabolite_069" alt="MetabolicMap_Metabolite_069: inosine" title="MetabolicMap_Metabolite_069: inosine" shape="circle" coords="521,131,4"/>
<area href="index.php?KnowledgeBaseID=MGEN243273&amp;WholeCellModelID=MetabolicMap_Metabolite_070" alt="MetabolicMap_Metabolite_070: D-lactate" title="MetabolicMap_Metabolite_070: D-lactate" shape="circle" coords="173,398,4"/>
<area href="index.php?KnowledgeBaseID=MGEN243273&amp;WholeCellModelID=MetabolicMap_Metabolite_071" alt="MetabolicMap_Metabolite_071: L-Malate" title="MetabolicMap_Metabolite_071: L-Malate" shape="circle" coords="356,267,4"/>
<area href="index.php?KnowledgeBaseID=MGEN243273&amp;WholeCellModelID=MetabolicMap_Metabolite_072" alt="MetabolicMap_Metabolite_072: nicotinamide adenine dinucleotide, oxidized" title="MetabolicMap_Metabolite_072: nicotinamide adenine dinucleotide, oxidized" shape="circle" coords="335,258,4"/>
<area href="index.php?KnowledgeBaseID=MGEN243273&amp;WholeCellModelID=MetabolicMap_Metabolite_073" alt="MetabolicMap_Metabolite_073: nicotinamide adenine dinucleotide, reduced" title="MetabolicMap_Metabolite_073: nicotinamide adenine dinucleotide, reduced" shape="circle" coords="271,258,4"/>
<area href="index.php?KnowledgeBaseID=MGEN243273&amp;WholeCellModelID=MetabolicMap_Metabolite_074" alt="MetabolicMap_Metabolite_074: nicotinamide adenine dinucleotide phosphate, oxidized" title="MetabolicMap_Metabolite_074: nicotinamide adenine dinucleotide phosphate, oxidized" shape="circle" coords="335,237,4"/>
<area href="index.php?KnowledgeBaseID=MGEN243273&amp;WholeCellModelID=MetabolicMap_Metabolite_075" alt="MetabolicMap_Metabolite_075: nicotinamide adenine dinucleotide phosphate, reduced" title="MetabolicMap_Metabolite_075: nicotinamide adenine dinucleotide phosphate, reduced" shape="circle" coords="271,237,4"/>
<area href="index.php?KnowledgeBaseID=MGEN243273&amp;WholeCellModelID=MetabolicMap_Metabolite_076" alt="MetabolicMap_Metabolite_076: oxaloacetate" title="MetabolicMap_Metabolite_076: oxaloacetate" shape="circle" coords="356,309,4"/>
<area href="index.php?KnowledgeBaseID=MGEN243273&amp;WholeCellModelID=MetabolicMap_Metabolite_077" alt="MetabolicMap_Metabolite_077: phosphoenolpyruvate" title="MetabolicMap_Metabolite_077: phosphoenolpyruvate" shape="circle" coords="173,309,4"/>
<area href="index.php?KnowledgeBaseID=MGEN243273&amp;WholeCellModelID=MetabolicMap_Metabolite_078" alt="MetabolicMap_Metabolite_078: phosphate" title="MetabolicMap_Metabolite_078: phosphate" shape="circle" coords="398,195,4"/>
<area href="index.php?KnowledgeBaseID=MGEN243273&amp;WholeCellModelID=MetabolicMap_Metabolite_079" alt="MetabolicMap_Metabolite_079: phosphate" title="MetabolicMap_Metabolite_079: phosphate" shape="circle" coords="335,195,4"/>
<area href="index.php?KnowledgeBaseID=MGEN243273&amp;WholeCellModelID=MetabolicMap_Metabolite_080" alt="MetabolicMap_Metabolite_080: diphosphate" title="MetabolicMap_Metabolite_080: diphosphate" shape="circle" coords="271,195,4"/>
<area href="index.php?KnowledgeBaseID=MGEN243273&amp;WholeCellModelID=MetabolicMap_Metabolite_081" alt="MetabolicMap_Metabolite_081: 5-Phospho-alpha-D-ribose 1-diphosphate" title="MetabolicMap_Metabolite_081: 5-Phospho-alpha-D-ribose 1-diphosphate" shape="circle" coords="288,161,4"/>
<area href="index.php?KnowledgeBaseID=MGEN243273&amp;WholeCellModelID=MetabolicMap_Metabolite_082" alt="MetabolicMap_Metabolite_082: pyruvate" title="MetabolicMap_Metabolite_082: pyruvate" shape="circle" coords="173,347,4"/>
<area href="index.php?KnowledgeBaseID=MGEN243273&amp;WholeCellModelID=MetabolicMap_Metabolite_083" alt="MetabolicMap_Metabolite_083: alpha-D-Ribose 5-phosphate" title="MetabolicMap_Metabolite_083: alpha-D-Ribose 5-phosphate" shape="circle" coords="288,135,4"/>
<area href="index.php?KnowledgeBaseID=MGEN243273&amp;WholeCellModelID=MetabolicMap_Metabolite_084" alt="MetabolicMap_Metabolite_084: D-Ribulose 5-phosphate" title="MetabolicMap_Metabolite_084: D-Ribulose 5-phosphate" shape="circle" coords="288,117,4"/>
<area href="index.php?KnowledgeBaseID=MGEN243273&amp;WholeCellModelID=MetabolicMap_Metabolite_085" alt="MetabolicMap_Metabolite_085: D-sedoheptulose-7-phosphate" title="MetabolicMap_Metabolite_085: D-sedoheptulose-7-phosphate" shape="circle" coords="237,135,4"/>
<area href="index.php?KnowledgeBaseID=MGEN243273&amp;WholeCellModelID=MetabolicMap_Metabolite_086" alt="MetabolicMap_Metabolite_086: L-Serine" title="MetabolicMap_Metabolite_086: L-Serine" shape="circle" coords="59,305,4"/>
<area href="index.php?KnowledgeBaseID=MGEN243273&amp;WholeCellModelID=MetabolicMap_Metabolite_087" alt="MetabolicMap_Metabolite_087: D-glyceraldehdye-3-phosphate" title="MetabolicMap_Metabolite_087: D-glyceraldehdye-3-phosphate" shape="circle" coords="173,173,4"/>
<area href="index.php?KnowledgeBaseID=MGEN243273&amp;WholeCellModelID=MetabolicMap_Metabolite_088" alt="MetabolicMap_Metabolite_088: Dihydroxyacetone phosphate" title="MetabolicMap_Metabolite_088: Dihydroxyacetone phosphate" shape="circle" coords="237,97,4"/>
<area href="index.php?KnowledgeBaseID=MGEN243273&amp;WholeCellModelID=MetabolicMap_Metabolite_089" alt="MetabolicMap_Metabolite_089: Dihydroxyacetone phosphate" title="MetabolicMap_Metabolite_089: Dihydroxyacetone phosphate" shape="circle" coords="97,173,4"/>
<area href="index.php?KnowledgeBaseID=MGEN243273&amp;WholeCellModelID=MetabolicMap_Metabolite_090" alt="MetabolicMap_Metabolite_090: thymine" title="MetabolicMap_Metabolite_090: thymine" shape="circle" coords="734,415,4"/>
<area href="index.php?KnowledgeBaseID=MGEN243273&amp;WholeCellModelID=MetabolicMap_Metabolite_091" alt="MetabolicMap_Metabolite_091: UDP" title="MetabolicMap_Metabolite_091: UDP" shape="circle" coords="458,373,4"/>
<area href="index.php?KnowledgeBaseID=MGEN243273&amp;WholeCellModelID=MetabolicMap_Metabolite_092" alt="MetabolicMap_Metabolite_092: UDP-glucose" title="MetabolicMap_Metabolite_092: UDP-glucose" shape="circle" coords="288,42,4"/>
<area href="index.php?KnowledgeBaseID=MGEN243273&amp;WholeCellModelID=MetabolicMap_Metabolite_093" alt="MetabolicMap_Metabolite_093: UDP-galactose" title="MetabolicMap_Metabolite_093: UDP-galactose" shape="circle" coords="352,42,4"/>
<area href="index.php?KnowledgeBaseID=MGEN243273&amp;WholeCellModelID=MetabolicMap_Metabolite_094" alt="MetabolicMap_Metabolite_094: UDP-D-galacto-1,4-furanose" title="MetabolicMap_Metabolite_094: UDP-D-galacto-1,4-furanose" shape="circle" coords="409,42,4"/>
<area href="index.php?KnowledgeBaseID=MGEN243273&amp;WholeCellModelID=MetabolicMap_Metabolite_095" alt="MetabolicMap_Metabolite_095: UMP" title="MetabolicMap_Metabolite_095: UMP" shape="circle" coords="776,373,4"/>
<area href="index.php?KnowledgeBaseID=MGEN243273&amp;WholeCellModelID=MetabolicMap_Metabolite_096" alt="MetabolicMap_Metabolite_096: uracil" title="MetabolicMap_Metabolite_096: uracil" shape="circle" coords="734,373,4"/>
<area href="index.php?KnowledgeBaseID=MGEN243273&amp;WholeCellModelID=MetabolicMap_Metabolite_097" alt="MetabolicMap_Metabolite_097: uridine" title="MetabolicMap_Metabolite_097: uridine" shape="circle" coords="776,330,4"/>
<area href="index.php?KnowledgeBaseID=MGEN243273&amp;WholeCellModelID=MetabolicMap_Metabolite_098" alt="MetabolicMap_Metabolite_098: D-Xylulose 5-phosphate" title="MetabolicMap_Metabolite_098: D-Xylulose 5-phosphate" shape="circle" coords="288,97,4"/>
